// Jest Snapshot v1, https://goo.gl/fbAQLP

exports[`<LogoSpinSwitch /> should be consistent with snapshot 1`] = `
<Switch
  checked={true}
  prefixCls="ant-switch"
/>
`;

exports[`toggleLogoSpin({ logoSpinning, dispatch }) => handler should set runtime.logoSpinning inversely 1`] = `
Array [
  Array [
    Object {
      "type": "SET_RUNTIME_VARIABLE",
      "value": Object {
        "logoSpinning": false,
      },
    },
  ],
  Array [
    Object {
      "type": "SET_RUNTIME_VARIABLE",
      "value": Object {
        "logoSpinning": true,
      },
    },
  ],
]
`;
